2026-05-07 11:15:49,498 INFO evaluation.sub6.run_sub6a: Sub-6A runner: 0 task_ids already in data/eval/sub6/v2_msclip_ablation/gnps_only/sub6a_narratives.jsonl
2026-05-07 11:17:11,832 INFO common.gnps_loader: GNPS: loaded 622634 v0-usable records out of 985492 total
2026-05-07 11:19:34,071 INFO evaluation.sub6.run_sub6a: Sub-6A runner: processed 38 tasks this run
=== Sub-6A (library_search): data/benchmark/sub6/sub6a_e2e_tasks_v2.jsonl → data/eval/sub6/v2_msclip_ablation/gnps_only/sub6a_narratives.jsonl (limit=None, top_k=20, mass_tolerance_ppm=10.0, libraries=('gnps',), skip_narrative=True, narrative_llm=minimax, model=MiniMax-M2.7) ===
Sub-6A: processed 38 tasks, ok=0, fail=38
  e2e_enrich_mammalian_RAMP_P_000052855_seed196617997: id_acc=0.70 (7/10), id_t=94.9s, llm_t=0.0s, err='skip_narrative=True — narrative omitted'
  e2e_enrich_mammalian_RAMP_P_000000421_seed1580619361: id_acc=0.44 (4/9), id_t=2.6s, llm_t=0.0s, err='skip_narrative=True — narrative omitted'
  e2e_enrich_mammalian_RAMP_P_000000421_seed1859157923: id_acc=0.53 (8/15), id_t=4.4s, llm_t=0.0s, err='skip_narrative=True — narrative omitted'
  e2e_enrich_mammalian_RAMP_P_000000421_seed2579427706: id_acc=0.75 (9/12), id_t=3.2s, llm_t=0.0s, err='skip_narrative=True — narrative omitted'
  e2e_enrich_mammalian_RAMP_P_000000421_seed3624533572: id_acc=0.71 (12/17), id_t=4.8s, llm_t=0.0s, err='skip_narrative=True — narrative omitted'
  e2e_enrich_mammalian_RAMP_P_000000421_seed2148340335: id_acc=0.80 (12/15), id_t=4.2s, llm_t=0.0s, err='skip_narrative=True — narrative omitted'
  e2e_enrich_mammalian_RAMP_P_000000421_seed249229871: id_acc=0.69 (9/13), id_t=3.7s, llm_t=0.0s, err='skip_narrative=True — narrative omitted'
  e2e_enrich_mammalian_RAMP_P_000000421_seed2128485400: id_acc=0.75 (12/16), id_t=4.6s, llm_t=0.0s, err='skip_narrative=True — narrative omitted'
  e2e_enrich_mammalian_RAMP_P_000053042_seed409910564: id_acc=0.50 (6/12), id_t=3.4s, llm_t=0.0s, err='skip_narrative=True — narrative omitted'
  e2e_enrich_mammalian_RAMP_P_000000016_seed460379927: id_acc=1.00 (7/7), id_t=2.0s, llm_t=0.0s, err='skip_narrative=True — narrative omitted'
  e2e_enrich_mammalian_RAMP_P_000000016_seed1999069143: id_acc=0.83 (15/18), id_t=4.7s, llm_t=0.0s, err='skip_narrative=True — narrative omitted'
  e2e_enrich_mammalian_RAMP_P_000000016_seed3390457165: id_acc=0.91 (21/23), id_t=6.6s, llm_t=0.0s, err='skip_narrative=True — narrative omitted'
  e2e_enrich_mammalian_RAMP_P_000000016_seed1580958619: id_acc=0.83 (10/12), id_t=3.2s, llm_t=0.0s, err='skip_narrative=True — narrative omitted'
  e2e_enrich_mammalian_RAMP_P_000000016_seed2560580376: id_acc=0.65 (11/17), id_t=5.2s, llm_t=0.0s, err='skip_narrative=True — narrative omitted'
  e2e_enrich_mammalian_RAMP_P_000000016_seed1608939814: id_acc=0.67 (6/9), id_t=2.5s, llm_t=0.0s, err='skip_narrative=True — narrative omitted'
  e2e_enrich_mammalian_RAMP_P_000000398_seed2094104706: id_acc=0.56 (10/18), id_t=4.9s, llm_t=0.0s, err='skip_narrative=True — narrative omitted'
  e2e_enrich_mammalian_RAMP_P_000000398_seed3788203504: id_acc=0.29 (2/7), id_t=2.0s, llm_t=0.0s, err='skip_narrative=True — narrative omitted'
  e2e_enrich_mammalian_RAMP_P_000000398_seed3517837744: id_acc=0.33 (4/12), id_t=3.3s, llm_t=0.0s, err='skip_narrative=True — narrative omitted'
  e2e_enrich_mammalian_RAMP_P_000000398_seed4002032937: id_acc=0.67 (12/18), id_t=6.9s, llm_t=0.0s, err='skip_narrative=True — narrative omitted'
  e2e_enrich_mammalian_RAMP_P_000000398_seed1909797104: id_acc=0.50 (7/14), id_t=6.2s, llm_t=0.0s, err='skip_narrative=True — narrative omitted'
  e2e_enrich_mammalian_RAMP_P_000000398_seed498152030: id_acc=0.54 (7/13), id_t=3.6s, llm_t=0.0s, err='skip_narrative=True — narrative omitted'
  e2e_enrich_mammalian_RAMP_P_000000398_seed1887758724: id_acc=0.58 (11/19), id_t=5.1s, llm_t=0.0s, err='skip_narrative=True — narrative omitted'
  e2e_enrich_mammalian_RAMP_P_000000398_seed911202007: id_acc=0.46 (6/13), id_t=3.4s, llm_t=0.0s, err='skip_narrative=True — narrative omitted'
  e2e_enrich_mammalian_RAMP_P_000000398_seed3271204528: id_acc=0.62 (8/13), id_t=3.2s, llm_t=0.0s, err='skip_narrative=True — narrative omitted'
  e2e_enrich_mammalian_RAMP_P_000000398_seed2934282216: id_acc=0.38 (3/8), id_t=2.1s, llm_t=0.0s, err='skip_narrative=True — narrative omitted'
  e2e_enrich_mammalian_RAMP_P_000025682_seed2943283649: id_acc=0.47 (7/15), id_t=4.3s, llm_t=0.0s, err='skip_narrative=True — narrative omitted'
  e2e_enrich_mammalian_RAMP_P_000053306_seed2915906702: id_acc=0.78 (7/9), id_t=2.3s, llm_t=0.0s, err='skip_narrative=True — narrative omitted'
  e2e_enrich_mammalian_RAMP_P_000050099_seed1975252413: id_acc=1.00 (10/10), id_t=2.5s, llm_t=0.0s, err='skip_narrative=True — narrative omitted'
  e2e_enrich_mammalian_RAMP_P_000053306_seed1727925770: id_acc=0.62 (8/13), id_t=3.2s, llm_t=0.0s, err='skip_narrative=True — narrative omitted'
  e2e_enrich_mammalian_RAMP_P_000050021_seed2411785485: id_acc=0.60 (3/5), id_t=1.3s, llm_t=0.0s, err='skip_narrative=True — narrative omitted'
  e2e_enrich_mammalian_RAMP_P_000050021_seed363370268: id_acc=0.70 (7/10), id_t=2.5s, llm_t=0.0s, err='skip_narrative=True — narrative omitted'
  e2e_enrich_mammalian_RAMP_P_000050021_seed833794865: id_acc=0.89 (8/9), id_t=2.5s, llm_t=0.0s, err='skip_narrative=True — narrative omitted'
  e2e_enrich_mammalian_RAMP_P_000050021_seed4072755234: id_acc=1.00 (7/7), id_t=1.9s, llm_t=0.0s, err='skip_narrative=True — narrative omitted'
  e2e_enrich_mammalian_RAMP_P_000050021_seed717276092: id_acc=0.88 (7/8), id_t=2.1s, llm_t=0.0s, err='skip_narrative=True — narrative omitted'
  e2e_enrich_mammalian_RAMP_P_000050021_seed3320305144: id_acc=0.90 (9/10), id_t=5.3s, llm_t=0.0s, err='skip_narrative=True — narrative omitted'
  e2e_enrich_mammalian_RAMP_P_000050021_seed669730130: id_acc=0.75 (3/4), id_t=1.1s, llm_t=0.0s, err='skip_narrative=True — narrative omitted'
  e2e_enrich_mammalian_RAMP_P_000050021_seed1927381484: id_acc=0.50 (3/6), id_t=1.6s, llm_t=0.0s, err='skip_narrative=True — narrative omitted'
  e2e_enrich_mammalian_RAMP_P_000000106_seed2277080905: id_acc=0.85 (11/13), id_t=3.4s, llm_t=0.0s, err='skip_narrative=True — narrative omitted'
